// Jest Snapshot v1, https://goo.gl/fbAQLP

exports[`Header renders <header> 1`] = `"<header><div class=\\"header_logo\\"><p class=\\"text header_logo__text\\">Harry Potter Section Navigation</p></div></header>"`;
